2026-02-14T22:48:17.3322266Z Current runner version: '2.331.0'
2026-02-14T22:48:17.3346953Z ##[group]Runner Image Provisioner
2026-02-14T22:48:17.3347781Z Hosted Compute Agent
2026-02-14T22:48:17.3348358Z Version: 20260123.484
2026-02-14T22:48:17.3349020Z Commit: 6bd6555ca37d84114959e1c76d2c01448ff61c5d
2026-02-14T22:48:17.3349696Z Build Date: 2026-01-23T19:41:17Z
2026-02-14T22:48:17.3350358Z Worker ID: {7b37774f-afca-488d-8b4a-fef57d6deeb7}
2026-02-14T22:48:17.3351018Z Azure Region: westus3
2026-02-14T22:48:17.3351636Z ##[endgroup]
2026-02-14T22:48:17.3353051Z ##[group]Operating System
2026-02-14T22:48:17.3353655Z Ubuntu
2026-02-14T22:48:17.3354229Z 24.04.3
2026-02-14T22:48:17.3355040Z LTS
2026-02-14T22:48:17.3355527Z ##[endgroup]
2026-02-14T22:48:17.3356076Z ##[group]Runner Image
2026-02-14T22:48:17.3356631Z Image: ubuntu-24.04
2026-02-14T22:48:17.3357110Z Version: 20260209.23.1
2026-02-14T22:48:17.3358344Z Included Software: https://github.com/actions/runner-images/blob/ubuntu24/20260209.23/images/ubuntu/Ubuntu2404-Readme.md
2026-02-14T22:48:17.3359813Z Image Release: https://github.com/actions/runner-images/releases/tag/ubuntu24%2F20260209.23
2026-02-14T22:48:17.3360781Z ##[endgroup]
2026-02-14T22:48:17.3361792Z ##[group]GITHUB_TOKEN Permissions
2026-02-14T22:48:17.3364109Z Contents: read
2026-02-14T22:48:17.3365062Z Metadata: read
2026-02-14T22:48:17.3365603Z Packages: read
2026-02-14T22:48:17.3366230Z ##[endgroup]
2026-02-14T22:48:17.3368419Z Secret source: Actions
2026-02-14T22:48:17.3369139Z Prepare workflow directory
2026-02-14T22:48:17.3773502Z Prepare all required actions
2026-02-14T22:48:17.3811386Z Getting action download info
2026-02-14T22:48:17.8360240Z Download action repository 'actions/checkout@v4' (SHA:34e114876b0b11c390a56381ad16ebd13914f8d5)
2026-02-14T22:48:18.0356820Z Download action repository 'actions/setup-java@v4' (SHA:c1e323688fd81a25caa38c78aa6df2d33d3e20d9)
2026-02-14T22:48:18.9568039Z Download action repository 'actions/setup-node@v4' (SHA:49933ea5288caeca8642d1e84afbd3f7d6820020)
2026-02-14T22:48:19.0844672Z Download action repository 'android-actions/setup-android@v3' (SHA:9fc6c4e9069bf8d3d10b2204b1fb8f6ef7065407)
2026-02-14T22:48:19.7444261Z Download action repository 'actions/upload-artifact@v4' (SHA:ea165f8d65b6e75b540449e92b4886f43607fa02)
2026-02-14T22:48:20.0714682Z Complete job name: Build Android Release
2026-02-14T22:48:20.1596072Z ##[group]Run actions/checkout@v4
2026-02-14T22:48:20.1597470Z with:
2026-02-14T22:48:20.1598469Z   repository: saberfahid4465-prog/Ai-writer-
2026-02-14T22:48:20.1599813Z   token: ***
2026-02-14T22:48:20.1600647Z   ssh-strict: true
2026-02-14T22:48:20.1601482Z   ssh-user: git
2026-02-14T22:48:20.1602447Z   persist-credentials: true
2026-02-14T22:48:20.1603366Z   clean: true
2026-02-14T22:48:20.1604223Z   sparse-checkout-cone-mode: true
2026-02-14T22:48:20.1605490Z   fetch-depth: 1
2026-02-14T22:48:20.1606306Z   fetch-tags: false
2026-02-14T22:48:20.1607200Z   show-progress: true
2026-02-14T22:48:20.1608089Z   lfs: false
2026-02-14T22:48:20.1608901Z   submodules: false
2026-02-14T22:48:20.1609755Z   set-safe-directory: true
2026-02-14T22:48:20.1611033Z env:
2026-02-14T22:48:20.1611794Z   JAVA_VERSION: 17
2026-02-14T22:48:20.1612689Z   NODE_VERSION: 18
2026-02-14T22:48:20.1613545Z ##[endgroup]
2026-02-14T22:48:20.2736522Z Syncing repository: saberfahid4465-prog/Ai-writer-
2026-02-14T22:48:20.2739508Z ##[group]Getting Git version info
2026-02-14T22:48:20.2740836Z Working directory is '/home/runner/work/Ai-writer-/Ai-writer-'
2026-02-14T22:48:20.2742729Z [command]/usr/bin/git version
2026-02-14T22:48:20.2743788Z git version 2.52.0
2026-02-14T22:48:20.2758095Z ##[endgroup]
2026-02-14T22:48:20.2772611Z Temporarily overriding HOME='/home/runner/work/_temp/1864e107-ac30-4927-8529-076e5a659bac' before making global git config changes
2026-02-14T22:48:20.2776233Z Adding repository directory to the temporary git global config as a safe directory
2026-02-14T22:48:20.2785661Z [command]/usr/bin/git config --global --add safe.directory /home/runner/work/Ai-writer-/Ai-writer-
2026-02-14T22:48:20.2825068Z Deleting the contents of '/home/runner/work/Ai-writer-/Ai-writer-'
2026-02-14T22:48:20.2830107Z ##[group]Initializing the repository
2026-02-14T22:48:20.2833852Z [command]/usr/bin/git init /home/runner/work/Ai-writer-/Ai-writer-
2026-02-14T22:48:20.2957036Z hint: Using 'master' as the name for the initial branch. This default branch name
2026-02-14T22:48:20.2958870Z hint: will change to "main" in Git 3.0. To configure the initial branch name
2026-02-14T22:48:20.2961074Z hint: to use in all of your new repositories, which will suppress this warning,
2026-02-14T22:48:20.2963411Z hint: call:
2026-02-14T22:48:20.2964818Z hint:
2026-02-14T22:48:20.2965882Z hint: 	git config --global init.defaultBranch <name>
2026-02-14T22:48:20.2967531Z hint:
2026-02-14T22:48:20.2968631Z hint: Names commonly chosen instead of 'master' are 'main', 'trunk' and
2026-02-14T22:48:20.2970401Z hint: 'development'. The just-created branch can be renamed via this command:
2026-02-14T22:48:20.2971768Z hint:
2026-02-14T22:48:20.2973019Z hint: 	git branch -m <name>
2026-02-14T22:48:20.2974031Z hint:
2026-02-14T22:48:20.2975558Z hint: Disable this message with "git config set advice.defaultBranchName false"
2026-02-14T22:48:20.2977447Z Initialized empty Git repository in /home/runner/work/Ai-writer-/Ai-writer-/.git/
2026-02-14T22:48:20.2980789Z [command]/usr/bin/git remote add origin https://github.com/saberfahid4465-prog/Ai-writer-
2026-02-14T22:48:20.3012102Z ##[endgroup]
2026-02-14T22:48:20.3013584Z ##[group]Disabling automatic garbage collection
2026-02-14T22:48:20.3015650Z [command]/usr/bin/git config --local gc.auto 0
2026-02-14T22:48:20.3050733Z ##[endgroup]
2026-02-14T22:48:20.3052978Z ##[group]Setting up auth
2026-02-14T22:48:20.3060374Z [command]/usr/bin/git config --local --name-only --get-regexp core\.sshCommand
2026-02-14T22:48:20.3097869Z [command]/usr/bin/git submodule foreach --recursive sh -c "git config --local --name-only --get-regexp 'core\.sshCommand' && git config --local --unset-all 'core.sshCommand' || :"
2026-02-14T22:48:20.3456807Z [command]/usr/bin/git config --local --name-only --get-regexp http\.https\:\/\/github\.com\/\.extraheader
2026-02-14T22:48:20.3488001Z [command]/usr/bin/git submodule foreach --recursive sh -c "git config --local --name-only --get-regexp 'http\.https\:\/\/github\.com\/\.extraheader' && git config --local --unset-all 'http.https://github.com/.extraheader' || :"
2026-02-14T22:48:20.3721279Z [command]/usr/bin/git config --local --name-only --get-regexp ^includeIf\.gitdir:
2026-02-14T22:48:20.3755655Z [command]/usr/bin/git submodule foreach --recursive git config --local --show-origin --name-only --get-regexp remote.origin.url
2026-02-14T22:48:20.4026687Z [command]/usr/bin/git config --local http.https://github.com/.extraheader AUTHORIZATION: basic ***
2026-02-14T22:48:20.4067393Z ##[endgroup]
2026-02-14T22:48:20.4069661Z ##[group]Fetching the repository
2026-02-14T22:48:20.4076877Z [command]/usr/bin/git -c protocol.version=2 fetch --no-tags --prune --no-recurse-submodules --depth=1 origin +82153e5bbfb575704e677442287503445ee2df7c:refs/remotes/origin/main
2026-02-14T22:48:21.2581100Z From https://github.com/saberfahid4465-prog/Ai-writer-
2026-02-14T22:48:21.2583540Z  * [new ref]         82153e5bbfb575704e677442287503445ee2df7c -> origin/main
2026-02-14T22:48:21.2615757Z ##[endgroup]
2026-02-14T22:48:21.2616399Z ##[group]Determining the checkout info
2026-02-14T22:48:21.2617986Z ##[endgroup]
2026-02-14T22:48:21.2623666Z [command]/usr/bin/git sparse-checkout disable
2026-02-14T22:48:21.2665481Z [command]/usr/bin/git config --local --unset-all extensions.worktreeConfig
2026-02-14T22:48:21.2691763Z ##[group]Checking out the ref
2026-02-14T22:48:21.2697695Z [command]/usr/bin/git checkout --progress --force -B main refs/remotes/origin/main
2026-02-14T22:48:21.2985518Z Switched to a new branch 'main'
2026-02-14T22:48:21.2988207Z branch 'main' set up to track 'origin/main'.
2026-02-14T22:48:21.2997041Z ##[endgroup]
2026-02-14T22:48:21.3033762Z [command]/usr/bin/git log -1 --format=%H
2026-02-14T22:48:21.3057457Z 82153e5bbfb575704e677442287503445ee2df7c
2026-02-14T22:48:21.3303046Z ##[group]Run actions/setup-java@v4
2026-02-14T22:48:21.3303330Z with:
2026-02-14T22:48:21.3303521Z   distribution: temurin
2026-02-14T22:48:21.3303724Z   java-version: 17
2026-02-14T22:48:21.3303913Z   java-package: jdk
2026-02-14T22:48:21.3304108Z   check-latest: false
2026-02-14T22:48:21.3304297Z   server-id: github
2026-02-14T22:48:21.3304747Z   server-username: GITHUB_ACTOR
2026-02-14T22:48:21.3304990Z   server-password: GITHUB_TOKEN
2026-02-14T22:48:21.3305223Z   overwrite-settings: true
2026-02-14T22:48:21.3305432Z   job-status: success
2026-02-14T22:48:21.3305765Z   token: ***
2026-02-14T22:48:21.3305943Z env:
2026-02-14T22:48:21.3306100Z   JAVA_VERSION: 17
2026-02-14T22:48:21.3306283Z   NODE_VERSION: 18
2026-02-14T22:48:21.3306458Z ##[endgroup]
2026-02-14T22:48:21.5329448Z ##[group]Installed distributions
2026-02-14T22:48:21.5593069Z Resolved Java 17.0.18+8 from tool-cache
2026-02-14T22:48:21.5594797Z Setting Java 17.0.18+8 as the default
2026-02-14T22:48:21.5608161Z Creating toolchains.xml for JDK version 17 from temurin
2026-02-14T22:48:21.5688601Z Writing to /home/runner/.m2/toolchains.xml
2026-02-14T22:48:21.5689043Z 
2026-02-14T22:48:21.5689196Z Java configuration:
2026-02-14T22:48:21.5690466Z   Distribution: temurin
2026-02-14T22:48:21.5690895Z   Version: 17.0.18+8
2026-02-14T22:48:21.5692076Z   Path: /opt/hostedtoolcache/Java_Temurin-Hotspot_jdk/17.0.18-8/x64
2026-02-14T22:48:21.5692642Z 
2026-02-14T22:48:21.5693198Z ##[endgroup]
2026-02-14T22:48:21.5712343Z Creating settings.xml with server-id: github
2026-02-14T22:48:21.5719961Z Writing to /home/runner/.m2/settings.xml
2026-02-14T22:48:21.5851416Z ##[group]Run actions/setup-node@v4
2026-02-14T22:48:21.5851701Z with:
2026-02-14T22:48:21.5851875Z   node-version: 18
2026-02-14T22:48:21.5852055Z   cache: npm
2026-02-14T22:48:21.5852232Z   always-auth: false
2026-02-14T22:48:21.5852427Z   check-latest: false
2026-02-14T22:48:21.5852753Z   token: ***
2026-02-14T22:48:21.5852940Z env:
2026-02-14T22:48:21.5853107Z   JAVA_VERSION: 17
2026-02-14T22:48:21.5853288Z   NODE_VERSION: 18
2026-02-14T22:48:21.5853588Z   JAVA_HOME: /opt/hostedtoolcache/Java_Temurin-Hotspot_jdk/17.0.18-8/x64
2026-02-14T22:48:21.5854062Z   JAVA_HOME_17_X64: /opt/hostedtoolcache/Java_Temurin-Hotspot_jdk/17.0.18-8/x64
2026-02-14T22:48:21.5854707Z ##[endgroup]
2026-02-14T22:48:21.7830055Z Attempting to download 18...
2026-02-14T22:48:22.6314892Z Acquiring 18.20.8 - x64 from https://github.com/actions/node-versions/releases/download/18.20.8-14110393767/node-18.20.8-linux-x64.tar.gz
2026-02-14T22:48:23.2199383Z Extracting ...
2026-02-14T22:48:23.2310540Z [command]/usr/bin/tar xz --strip 1 --warning=no-unknown-keyword --overwrite -C /home/runner/work/_temp/1dafacdb-2a57-4722-987a-03ae6628423d -f /home/runner/work/_temp/4cc45895-ac73-4ab6-bf12-2cf6931f2c4e
2026-02-14T22:48:24.1593966Z Adding to the cache ...
2026-02-14T22:48:25.9213768Z ##[group]Environment details
2026-02-14T22:48:26.2072098Z node: v18.20.8
2026-02-14T22:48:26.2072704Z npm: 10.8.2
2026-02-14T22:48:26.2072988Z yarn: 1.22.22
2026-02-14T22:48:26.2073549Z ##[endgroup]
2026-02-14T22:48:26.2098585Z [command]/opt/hostedtoolcache/node/18.20.8/x64/bin/npm config get cache
2026-02-14T22:48:26.3266268Z /home/runner/.npm
2026-02-14T22:48:26.5864798Z npm cache is not found
2026-02-14T22:48:26.6011568Z ##[group]Run npm ci
2026-02-14T22:48:26.6011829Z [36;1mnpm ci[0m
2026-02-14T22:48:26.6062571Z shell: /usr/bin/bash -e {0}
2026-02-14T22:48:26.6062838Z env:
2026-02-14T22:48:26.6063003Z   JAVA_VERSION: 17
2026-02-14T22:48:26.6063187Z   NODE_VERSION: 18
2026-02-14T22:48:26.6063477Z   JAVA_HOME: /opt/hostedtoolcache/Java_Temurin-Hotspot_jdk/17.0.18-8/x64
2026-02-14T22:48:26.6063946Z   JAVA_HOME_17_X64: /opt/hostedtoolcache/Java_Temurin-Hotspot_jdk/17.0.18-8/x64
2026-02-14T22:48:26.6064300Z ##[endgroup]
2026-02-14T22:48:29.3231345Z npm warn ERESOLVE overriding peer dependency
2026-02-14T22:48:29.3232138Z npm warn While resolving: ai-writer@1.1.0
2026-02-14T22:48:29.3232957Z npm warn Found: react@18.2.0
2026-02-14T22:48:29.3233387Z npm warn node_modules/react
2026-02-14T22:48:29.3233919Z npm warn   react@"19.1.0" from the root project
2026-02-14T22:48:29.3234846Z npm warn   22 more (@expo/devtools, @react-navigation/bottom-tabs, ...)
2026-02-14T22:48:29.3235234Z npm warn
2026-02-14T22:48:29.3235532Z npm warn Could not resolve dependency:
2026-02-14T22:48:29.3235928Z npm warn peer react@"18.2.0" from react-native@0.73.6
2026-02-14T22:48:29.3236327Z npm warn node_modules/react-native
2026-02-14T22:48:29.3236678Z npm warn   react-native@"0.81.5" from the root project
2026-02-14T22:48:29.3237138Z npm warn   20 more (@expo/devtools, @react-native/virtualized-lists, ...)
2026-02-14T22:48:29.3254686Z npm warn ERESOLVE overriding peer dependency
2026-02-14T22:48:29.3255368Z npm warn While resolving: ai-writer@1.1.0
2026-02-14T22:48:29.3255859Z npm warn Found: react@18.2.0
2026-02-14T22:48:29.3256283Z npm warn node_modules/react
2026-02-14T22:48:29.3256806Z npm warn   react@"19.1.0" from the root project
2026-02-14T22:48:29.3257630Z npm warn   22 more (@expo/devtools, @react-navigation/bottom-tabs, ...)
2026-02-14T22:48:29.3258273Z npm warn
2026-02-14T22:48:29.3258685Z npm warn Could not resolve dependency:
2026-02-14T22:48:29.3259329Z npm warn peer react@"18.2.0" from react-native@0.73.6
2026-02-14T22:48:29.3259701Z npm warn node_modules/react-native
2026-02-14T22:48:29.3260078Z npm warn   react-native@"0.81.5" from the root project
2026-02-14T22:48:29.3260576Z npm warn   20 more (@expo/devtools, @react-native/virtualized-lists, ...)
2026-02-14T22:48:29.3263690Z npm warn ERESOLVE overriding peer dependency
2026-02-14T22:48:29.3264735Z npm warn While resolving: ai-writer@1.1.0
2026-02-14T22:48:29.3265477Z npm warn Found: react@18.2.0
2026-02-14T22:48:29.3265911Z npm warn node_modules/react
2026-02-14T22:48:29.3266422Z npm warn   react@"19.1.0" from the root project
2026-02-14T22:48:29.3267178Z npm warn   22 more (@expo/devtools, @react-navigation/bottom-tabs, ...)
2026-02-14T22:48:29.3267786Z npm warn
2026-02-14T22:48:29.3268231Z npm warn Could not resolve dependency:
2026-02-14T22:48:29.3268883Z npm warn peer react@"18.2.0" from react-native@0.73.6
2026-02-14T22:48:29.3269469Z npm warn node_modules/react-native
2026-02-14T22:48:29.3270056Z npm warn   react-native@"0.81.5" from the root project
2026-02-14T22:48:29.3270860Z npm warn   20 more (@expo/devtools, @react-native/virtualized-lists, ...)
2026-02-14T22:48:29.3271601Z npm warn ERESOLVE overriding peer dependency
2026-02-14T22:48:29.3272163Z npm warn While resolving: ai-writer@1.1.0
2026-02-14T22:48:29.3272675Z npm warn Found: react@18.2.0
2026-02-14T22:48:29.3273088Z npm warn node_modules/react
2026-02-14T22:48:29.3273583Z npm warn   react@"19.1.0" from the root project
2026-02-14T22:48:29.3274207Z npm warn   22 more (@expo/devtools, @react-navigation/bottom-tabs, ...)
2026-02-14T22:48:29.3274823Z npm warn
2026-02-14T22:48:29.3275060Z npm warn Could not resolve dependency:
2026-02-14T22:48:29.3275420Z npm warn peer react@"18.2.0" from react-native@0.73.6
2026-02-14T22:48:29.3275766Z npm warn node_modules/react-native
2026-02-14T22:48:29.3276102Z npm warn   react-native@"0.81.5" from the root project
2026-02-14T22:48:29.3276554Z npm warn   20 more (@expo/devtools, @react-native/virtualized-lists, ...)
2026-02-14T22:48:29.3322794Z npm warn ERESOLVE overriding peer dependency
2026-02-14T22:48:29.3323993Z npm warn While resolving: ai-writer@1.1.0
2026-02-14T22:48:29.3324670Z npm warn Found: react@18.2.0
2026-02-14T22:48:29.3325101Z npm warn node_modules/react
2026-02-14T22:48:29.3325559Z npm warn   react@"19.1.0" from the root project
2026-02-14T22:48:29.3326018Z npm warn   22 more (@expo/devtools, @react-navigation/bottom-tabs, ...)
2026-02-14T22:48:29.3326361Z npm warn
2026-02-14T22:48:29.3326606Z npm warn Could not resolve dependency:
2026-02-14T22:48:29.3326962Z npm warn peer react@"18.2.0" from react-native@0.73.6
2026-02-14T22:48:29.3327303Z npm warn node_modules/react-native
2026-02-14T22:48:29.3327644Z npm warn   react-native@"0.81.5" from the root project
2026-02-14T22:48:29.3328269Z npm warn   20 more (@expo/devtools, @react-native/virtualized-lists, ...)
2026-02-14T22:48:29.3331670Z npm warn ERESOLVE overriding peer dependency
2026-02-14T22:48:29.3332305Z npm warn While resolving: ai-writer@1.1.0
2026-02-14T22:48:29.3332613Z npm warn Found: react@18.2.0
2026-02-14T22:48:29.3332868Z npm warn node_modules/react
2026-02-14T22:48:29.3333176Z npm warn   react@"19.1.0" from the root project
2026-02-14T22:48:29.3333710Z npm warn   22 more (@expo/devtools, @react-navigation/bottom-tabs, ...)
2026-02-14T22:48:29.3334123Z npm warn
2026-02-14T22:48:29.3334606Z npm warn Could not resolve dependency:
2026-02-14T22:48:29.3335193Z npm warn peer react@"18.2.0" from react-native@0.73.6
2026-02-14T22:48:29.3335586Z npm warn node_modules/react-native
2026-02-14T22:48:29.3335964Z npm warn   react-native@"0.81.5" from the root project
2026-02-14T22:48:29.3336575Z npm warn   20 more (@expo/devtools, @react-native/virtualized-lists, ...)
2026-02-14T22:48:29.3337083Z npm warn ERESOLVE overriding peer dependency
2026-02-14T22:48:29.3337462Z npm warn While resolving: ai-writer@1.1.0
2026-02-14T22:48:29.3337751Z npm warn Found: react@18.2.0
2026-02-14T22:48:29.3338003Z npm warn node_modules/react
2026-02-14T22:48:29.3338294Z npm warn   react@"19.1.0" from the root project
2026-02-14T22:48:29.3338722Z npm warn   22 more (@expo/devtools, @react-navigation/bottom-tabs, ...)
2026-02-14T22:48:29.3339051Z npm warn
2026-02-14T22:48:29.3339279Z npm warn Could not resolve dependency:
2026-02-14T22:48:29.3339856Z npm warn peer react@"18.2.0" from react-native@0.73.6
2026-02-14T22:48:29.3340392Z npm warn node_modules/react-native
2026-02-14T22:48:29.3340743Z npm warn   react-native@"0.81.5" from the root project
2026-02-14T22:48:29.3341199Z npm warn   20 more (@expo/devtools, @react-native/virtualized-lists, ...)
2026-02-14T22:48:29.3341620Z npm warn ERESOLVE overriding peer dependency
2026-02-14T22:48:29.3341952Z npm warn While resolving: ai-writer@1.1.0
2026-02-14T22:48:29.3342237Z npm warn Found: react@18.2.0
2026-02-14T22:48:29.3342474Z npm warn node_modules/react
2026-02-14T22:48:29.3342767Z npm warn   react@"19.1.0" from the root project
2026-02-14T22:48:29.3343190Z npm warn   22 more (@expo/devtools, @react-navigation/bottom-tabs, ...)
2026-02-14T22:48:29.3343511Z npm warn
2026-02-14T22:48:29.3343743Z npm warn Could not resolve dependency:
2026-02-14T22:48:29.3344083Z npm warn peer react@"18.2.0" from react-native@0.73.6
2026-02-14T22:48:29.3344562Z npm warn node_modules/react-native
2026-02-14T22:48:29.3344898Z npm warn   react-native@"0.81.5" from the root project
2026-02-14T22:48:29.3345345Z npm warn   20 more (@expo/devtools, @react-native/virtualized-lists, ...)
2026-02-14T22:48:29.3346359Z npm warn ERESOLVE overriding peer dependency
2026-02-14T22:48:29.3346987Z npm warn While resolving: ai-writer@1.1.0
2026-02-14T22:48:29.3347274Z npm warn Found: react@18.2.0
2026-02-14T22:48:29.3347515Z npm warn node_modules/react
2026-02-14T22:48:29.3347809Z npm warn   react@"19.1.0" from the root project
2026-02-14T22:48:29.3348244Z npm warn   22 more (@expo/devtools, @react-navigation/bottom-tabs, ...)
2026-02-14T22:48:29.3348576Z npm warn
2026-02-14T22:48:29.3348799Z npm warn Could not resolve dependency:
2026-02-14T22:48:29.3349148Z npm warn peer react@"18.2.0" from react-native@0.73.6
2026-02-14T22:48:29.3349654Z npm warn node_modules/react-native
2026-02-14T22:48:29.3349997Z npm warn   react-native@"0.81.5" from the root project
2026-02-14T22:48:29.3350442Z npm warn   20 more (@expo/devtools, @react-native/virtualized-lists, ...)
2026-02-14T22:48:29.3360969Z npm warn ERESOLVE overriding peer dependency
2026-02-14T22:48:29.3361604Z npm warn While resolving: ai-writer@1.1.0
2026-02-14T22:48:29.3362099Z npm warn Found: react@18.2.0
2026-02-14T22:48:29.3362511Z npm warn node_modules/react
2026-02-14T22:48:29.3363023Z npm warn   react@"19.1.0" from the root project
2026-02-14T22:48:29.3363495Z npm warn   22 more (@expo/devtools, @react-navigation/bottom-tabs, ...)
2026-02-14T22:48:29.3364022Z npm warn
2026-02-14T22:48:29.3364257Z npm warn Could not resolve dependency:
2026-02-14T22:48:29.3364886Z npm warn peer react@"18.2.0" from react-native@0.73.6
2026-02-14T22:48:29.3365458Z npm warn node_modules/react-native
2026-02-14T22:48:29.3365980Z npm warn   react-native@"0.81.5" from the root project
2026-02-14T22:48:29.3366438Z npm warn   20 more (@expo/devtools, @react-native/virtualized-lists, ...)
2026-02-14T22:48:29.3366863Z npm warn ERESOLVE overriding peer dependency
2026-02-14T22:48:29.3367192Z npm warn While resolving: ai-writer@1.1.0
2026-02-14T22:48:29.3367467Z npm warn Found: react@18.2.0
2026-02-14T22:48:29.3367706Z npm warn node_modules/react
2026-02-14T22:48:29.3368001Z npm warn   react@"19.1.0" from the root project
2026-02-14T22:48:29.3368424Z npm warn   22 more (@expo/devtools, @react-navigation/bottom-tabs, ...)
2026-02-14T22:48:29.3368999Z npm warn
2026-02-14T22:48:29.3369369Z npm warn Could not resolve dependency:
2026-02-14T22:48:29.3369722Z npm warn peer react@"18.2.0" from react-native@0.73.6
2026-02-14T22:48:29.3370069Z npm warn node_modules/react-native
2026-02-14T22:48:29.3370404Z npm warn   react-native@"0.81.5" from the root project
2026-02-14T22:48:29.3370852Z npm warn   20 more (@expo/devtools, @react-native/virtualized-lists, ...)
2026-02-14T22:48:29.3371276Z npm warn ERESOLVE overriding peer dependency
2026-02-14T22:48:29.3371605Z npm warn While resolving: ai-writer@1.1.0
2026-02-14T22:48:29.3371877Z npm warn Found: react@18.2.0
2026-02-14T22:48:29.3372116Z npm warn node_modules/react
2026-02-14T22:48:29.3372396Z npm warn   react@"19.1.0" from the root project
2026-02-14T22:48:29.3372814Z npm warn   22 more (@expo/devtools, @react-navigation/bottom-tabs, ...)
2026-02-14T22:48:29.3373143Z npm warn
2026-02-14T22:48:29.3373363Z npm warn Could not resolve dependency:
2026-02-14T22:48:29.3373702Z npm warn peer react@"18.2.0" from react-native@0.73.6
2026-02-14T22:48:29.3374025Z npm warn node_modules/react-native
2026-02-14T22:48:29.3374497Z npm warn   react-native@"0.81.5" from the root project
2026-02-14T22:48:29.3374953Z npm warn   20 more (@expo/devtools, @react-native/virtualized-lists, ...)
2026-02-14T22:48:34.0671954Z npm warn ERESOLVE overriding peer dependency
2026-02-14T22:48:34.0758790Z npm error code ERESOLVE
2026-02-14T22:48:34.0759548Z npm error ERESOLVE could not resolve
2026-02-14T22:48:34.0760034Z npm error
2026-02-14T22:48:34.0760584Z npm error While resolving: react-native@0.81.5
2026-02-14T22:48:34.0761207Z npm error Found: @types/react@18.2.79
2026-02-14T22:48:34.0761764Z npm error node_modules/@types/react
2026-02-14T22:48:34.0762690Z npm error   peerOptional @types/react@"^19.1.0" from @react-native/virtualized-lists@0.81.5
2026-02-14T22:48:34.0763879Z npm error   node_modules/react-native/node_modules/@react-native/virtualized-lists
2026-02-14T22:48:34.0765204Z npm error     @react-native/virtualized-lists@"0.81.5" from react-native@0.81.5
2026-02-14T22:48:34.0766013Z npm error     node_modules/react-native
2026-02-14T22:48:34.0766708Z npm error       react-native@"0.81.5" from the root project
2026-02-14T22:48:34.0767525Z npm error       21 more (@react-navigation/bottom-tabs, ...)
2026-02-14T22:48:34.0768032Z npm error
2026-02-14T22:48:34.0768450Z npm error Could not resolve dependency:
2026-02-14T22:48:34.0769601Z npm error peerOptional @types/react@"^19.1.0" from react-native@0.81.5
2026-02-14T22:48:34.0770370Z npm error node_modules/react-native
2026-02-14T22:48:34.0771010Z npm error   react-native@"0.81.5" from the root project
2026-02-14T22:48:34.0771885Z npm error   peer react-native@"*" from @react-navigation/bottom-tabs@6.6.1
2026-02-14T22:48:34.0772759Z npm error   node_modules/@react-navigation/bottom-tabs
2026-02-14T22:48:34.0773664Z npm error     @react-navigation/bottom-tabs@"^6.6.1" from the root project
2026-02-14T22:48:34.0774795Z npm error   20 more (@react-navigation/native, ...)
2026-02-14T22:48:34.0775324Z npm error
2026-02-14T22:48:34.0775892Z npm error Conflicting peer dependency: @types/react@19.2.14
2026-02-14T22:48:34.0776512Z npm error node_modules/@types/react
2026-02-14T22:48:34.0777793Z npm error   peerOptional @types/react@"^19.1.0" from react-native@0.81.5
2026-02-14T22:48:34.0778559Z npm error   node_modules/react-native
2026-02-14T22:48:34.0779208Z npm error     react-native@"0.81.5" from the root project
2026-02-14T22:48:34.0780178Z npm error     peer react-native@"*" from @react-navigation/bottom-tabs@6.6.1
2026-02-14T22:48:34.0782191Z npm error     node_modules/@react-navigation/bottom-tabs
2026-02-14T22:48:34.0783170Z npm error       @react-navigation/bottom-tabs@"^6.6.1" from the root project
2026-02-14T22:48:34.0783866Z npm error     20 more (@react-navigation/native, ...)
2026-02-14T22:48:34.0784273Z npm error
2026-02-14T22:48:34.0784956Z npm error Fix the upstream dependency conflict, or retry
2026-02-14T22:48:34.0785621Z npm error this command with --force or --legacy-peer-deps
2026-02-14T22:48:34.0786409Z npm error to accept an incorrect (and potentially broken) dependency resolution.
2026-02-14T22:48:34.0787007Z npm error
2026-02-14T22:48:34.0787244Z npm error
2026-02-14T22:48:34.0787550Z npm error For a full report see:
2026-02-14T22:48:34.0788226Z npm error /home/runner/.npm/_logs/2026-02-14T22_48_26_682Z-eresolve-report.txt
2026-02-14T22:48:34.0789430Z npm error A complete log of this run can be found in: /home/runner/.npm/_logs/2026-02-14T22_48_26_682Z-debug-0.log
2026-02-14T22:48:34.0956160Z ##[error]Process completed with exit code 1.
2026-02-14T22:48:34.1050911Z ##[group]Run echo "## AI Writer — Android Build" >> $GITHUB_STEP_SUMMARY
2026-02-14T22:48:34.1051421Z [36;1mecho "## AI Writer — Android Build" >> $GITHUB_STEP_SUMMARY[0m
2026-02-14T22:48:34.1051764Z [36;1mecho "" >> $GITHUB_STEP_SUMMARY[0m
2026-02-14T22:48:34.1052060Z [36;1mif [ -f build-output/app-release.aab ]; then[0m
2026-02-14T22:48:34.1052405Z [36;1m  AAB_SIZE=$(stat -c%s build-output/app-release.aab)[0m
2026-02-14T22:48:34.1052826Z [36;1m  APK_SIZE=$(stat -c%s build-output/app-release.apk 2>/dev/null || echo "0")[0m
2026-02-14T22:48:34.1053260Z [36;1m  echo "| Output | Size |" >> $GITHUB_STEP_SUMMARY[0m
2026-02-14T22:48:34.1053581Z [36;1m  echo "|--------|------|" >> $GITHUB_STEP_SUMMARY[0m
2026-02-14T22:48:34.1053946Z [36;1m  echo "| AAB | $(numfmt --to=iec $AAB_SIZE) |" >> $GITHUB_STEP_SUMMARY[0m
2026-02-14T22:48:34.1054649Z [36;1m  echo "| APK | $(numfmt --to=iec $APK_SIZE) |" >> $GITHUB_STEP_SUMMARY[0m
2026-02-14T22:48:34.1055076Z [36;1m  echo "" >> $GITHUB_STEP_SUMMARY[0m
2026-02-14T22:48:34.1055523Z [36;1m  echo "Download AAB, APK, and signing keystore from **Artifacts** above." >> $GITHUB_STEP_SUMMARY[0m
2026-02-14T22:48:34.1055953Z [36;1melse[0m
2026-02-14T22:48:34.1056213Z [36;1m  echo "Build failed. Check logs above." >> $GITHUB_STEP_SUMMARY[0m
2026-02-14T22:48:34.1056536Z [36;1mfi[0m
2026-02-14T22:48:34.1104296Z shell: /usr/bin/bash -e {0}
2026-02-14T22:48:34.1104785Z env:
2026-02-14T22:48:34.1104956Z   JAVA_VERSION: 17
2026-02-14T22:48:34.1105146Z   NODE_VERSION: 18
2026-02-14T22:48:34.1105444Z   JAVA_HOME: /opt/hostedtoolcache/Java_Temurin-Hotspot_jdk/17.0.18-8/x64
2026-02-14T22:48:34.1105931Z   JAVA_HOME_17_X64: /opt/hostedtoolcache/Java_Temurin-Hotspot_jdk/17.0.18-8/x64
2026-02-14T22:48:34.1106282Z ##[endgroup]
2026-02-14T22:48:34.1268756Z Post job cleanup.
2026-02-14T22:48:34.3051412Z Post job cleanup.
2026-02-14T22:48:34.4026137Z [command]/usr/bin/git version
2026-02-14T22:48:34.4069303Z git version 2.52.0
2026-02-14T22:48:34.4117142Z Temporarily overriding HOME='/home/runner/work/_temp/7cbb25a8-8b1e-4ac9-bbc0-52eacf8017af' before making global git config changes
2026-02-14T22:48:34.4118668Z Adding repository directory to the temporary git global config as a safe directory
2026-02-14T22:48:34.4131036Z [command]/usr/bin/git config --global --add safe.directory /home/runner/work/Ai-writer-/Ai-writer-
2026-02-14T22:48:34.4167150Z [command]/usr/bin/git config --local --name-only --get-regexp core\.sshCommand
2026-02-14T22:48:34.4201659Z [command]/usr/bin/git submodule foreach --recursive sh -c "git config --local --name-only --get-regexp 'core\.sshCommand' && git config --local --unset-all 'core.sshCommand' || :"
2026-02-14T22:48:34.4443540Z [command]/usr/bin/git config --local --name-only --get-regexp http\.https\:\/\/github\.com\/\.extraheader
2026-02-14T22:48:34.4467823Z http.https://github.com/.extraheader
2026-02-14T22:48:34.4480560Z [command]/usr/bin/git config --local --unset-all http.https://github.com/.extraheader
2026-02-14T22:48:34.4513184Z [command]/usr/bin/git submodule foreach --recursive sh -c "git config --local --name-only --get-regexp 'http\.https\:\/\/github\.com\/\.extraheader' && git config --local --unset-all 'http.https://github.com/.extraheader' || :"
2026-02-14T22:48:34.4749191Z [command]/usr/bin/git config --local --name-only --get-regexp ^includeIf\.gitdir:
2026-02-14T22:48:34.4781283Z [command]/usr/bin/git submodule foreach --recursive git config --local --show-origin --name-only --get-regexp remote.origin.url
2026-02-14T22:48:34.5123364Z Cleaning up orphan processes
